> Task :app:preBuild UP-TO-DATE
> Task :app:preDebugBuild UP-TO-DATE
> Task :app:generateDebugResources UP-TO-DATE
> Task :app:packageDebugResources UP-TO-DATE
> Task :app:processDebugNavigationResources UP-TO-DATE
> Task :app:parseDebugLocalResources UP-TO-DATE
> Task :app:generateDebugRFile UP-TO-DATE
> Task :app:compileDebugKotlin UP-TO-DATE
> Task :app:javaPreCompileDebug UP-TO-DATE
> Task :app:compileDebugJavaWithJavac NO-SOURCE
> Task :app:checkDebugAarMetadata UP-TO-DATE
> Task :app:mapDebugSourceSetPaths UP-TO-DATE
> Task :app:compileDebugNavigationResources UP-TO-DATE
> Task :app:mergeDebugResources UP-TO-DATE
> Task :app:createDebugCompatibleScreenManifests UP-TO-DATE
> Task :app:extractDeepLinksDebug UP-TO-DATE
> Task :app:processDebugMainManifest UP-TO-DATE
> Task :app:processDebugManifest UP-TO-DATE
> Task :app:processDebugManifestForPackage UP-TO-DATE
> Task :app:processDebugResources UP-TO-DATE
> Task :app:bundleDebugClassesToRuntimeJar UP-TO-DATE
> Task :app:bundleDebugClassesToCompileJar UP-TO-DATE
> Task :app:preDebugUnitTestBuild UP-TO-DATE
> Task :app:javaPreCompileDebugUnitTest UP-TO-DATE
> Task :app:processDebugJavaRes UP-TO-DATE

> Task :app:compileDebugUnitTestKotlin
w: file:///C:/Users/USER/Desktop/omanii-task-003/android/app/src/test/java/com/omanii/app/pose/PoseCanonicalMappingTest.kt:50:68 Unnecessary non-null assertion (!!) on a non-null receiver of type 'CanonicalPoseGeometry'.
w: file:///C:/Users/USER/Desktop/omanii-task-003/android/app/src/test/java/com/omanii/app/pose/PoseCanonicalMappingTest.kt:51:68 Unnecessary non-null assertion (!!) on a non-null receiver of type 'CanonicalPoseGeometry'.
w: file:///C:/Users/USER/Desktop/omanii-task-003/android/app/src/test/java/com/omanii/app/pose/PoseCanonicalMappingTest.kt:52:68 Unnecessary non-null assertion (!!) on a non-null receiver of type 'CanonicalPoseGeometry'.
w: file:///C:/Users/USER/Desktop/omanii-task-003/android/app/src/test/java/com/omanii/app/pose/PoseCanonicalMappingTest.kt:53:68 Unnecessary non-null assertion (!!) on a non-null receiver of type 'CanonicalPoseGeometry'.
w: file:///C:/Users/USER/Desktop/omanii-task-003/android/app/src/test/java/com/omanii/app/pose/PoseCanonicalMappingTest.kt:54:63 Unnecessary non-null assertion (!!) on a non-null receiver of type 'CanonicalPoseGeometry'.
w: file:///C:/Users/USER/Desktop/omanii-task-003/android/app/src/test/java/com/omanii/app/pose/PoseCanonicalMappingTest.kt:66:79 Unnecessary non-null assertion (!!) on a non-null receiver of type 'SourceTimestamp'.
w: file:///C:/Users/USER/Desktop/omanii-task-003/android/app/src/test/java/com/omanii/app/pose/PoseCanonicalMappingTest.kt:67:49 Unnecessary non-null assertion (!!) on a non-null receiver of type 'SourceTimestamp'.
w: file:///C:/Users/USER/Desktop/omanii-task-003/android/app/src/test/java/com/omanii/app/pose/PoseCanonicalMappingTest.kt:68:49 Unnecessary non-null assertion (!!) on a non-null receiver of type 'SourceTimestamp'.
w: file:///C:/Users/USER/Desktop/omanii-task-003/android/app/src/test/java/com/omanii/app/pose/PoseCanonicalMappingTest.kt:69:46 Unnecessary non-null assertion (!!) on a non-null receiver of type 'SourceTimestamp'.
w: file:///C:/Users/USER/Desktop/omanii-task-003/android/app/src/test/java/com/omanii/app/pose/PoseCanonicalMappingTest.kt:69:86 Unnecessary non-null assertion (!!) on a non-null receiver of type 'SourceTimestamp'.
w: file:///C:/Users/USER/Desktop/omanii-task-003/android/app/src/test/java/com/omanii/app/pose/PoseCanonicalMappingTest.kt:163:43 Unnecessary non-null assertion (!!) on a non-null receiver of type 'List<CanonicalPoseRecord>'.
w: file:///C:/Users/USER/Desktop/omanii-task-003/android/app/src/test/java/com/omanii/app/pose/PoseCanonicalMappingTest.kt:164:44 Unnecessary non-null assertion (!!) on a non-null receiver of type 'List<CanonicalPoseRecord>'.
w: file:///C:/Users/USER/Desktop/omanii-task-003/android/app/src/test/java/com/omanii/app/pose/PoseCanonicalMappingTest.kt:203:50 Unnecessary non-null assertion (!!) on a non-null receiver of type 'SourceTimestamp'.
w: file:///C:/Users/USER/Desktop/omanii-task-003/android/app/src/test/java/com/omanii/app/pose/PoseCanonicalMappingTest.kt:203:90 Unnecessary non-null assertion (!!) on a non-null receiver of type 'SourceTimestamp'.
w: file:///C:/Users/USER/Desktop/omanii-task-003/android/app/src/test/java/com/omanii/app/pose/PoseCanonicalMappingTest.kt:204:83 Unnecessary non-null assertion (!!) on a non-null receiver of type 'SourceTimestamp'.

> Task :app:compileDebugUnitTestJavaWithJavac NO-SOURCE
> Task :app:processDebugUnitTestJavaRes UP-TO-DATE

> Task :app:testDebugUnitTest

PoseCanonicalMappingTest > distinctSessionRunPairsCannotAliasClockInstancesOrRecordIds FAILED
    java.lang.AssertionError at PoseCanonicalMappingTest.kt:201

PoseProviderTest > reentrantSegmentRequestsStayFifoWhenBoundaryCallbackAddsAnother FAILED
    java.lang.AssertionError at PoseProviderTest.kt:253

PoseProviderTest > queuedReentrantSegmentChangeCannotSurviveCancellation FAILED
    java.lang.AssertionError at PoseProviderTest.kt:227

PoseProviderTest > reentrantSegmentChangeDuringRecoveryPreservesCanonicalAndReplayOrdering FAILED
    java.lang.IllegalArgumentException at PoseProviderTest.kt:192

4 tests completed, 4 failed

> Task :app:testDebugUnitTest FAILED

FAILURE: Build failed with an exception.

* What went wrong:
Execution failed for task ':app:testDebugUnitTest'.
> There were failing tests. See the report at: file:///C:/Users/USER/Desktop/omanii-task-003/android/app/build/reports/tests/testDebugUnitTest/index.html

* Try:
> Run with --scan to get full insights from a Build Scan (powered by Develocity).

BUILD FAILED in 20s
24 actionable tasks: 2 executed, 22 up-to-date
