To honour the JVM settings for this build a single-use Daemon process will be forked. For more on this, please refer to https://docs.gradle.org/9.6.1/userguide/gradle_daemon.html#sec:disabling_the_daemon in the Gradle documentation.
Daemon will be stopped at the end of the build 
> Task :app:preBuild UP-TO-DATE
> Task :app:preDebugBuild UP-TO-DATE
> Task :app:generateDebugResources UP-TO-DATE
> Task :app:packageDebugResources UP-TO-DATE
> Task :app:processDebugNavigationResources UP-TO-DATE
> Task :app:parseDebugLocalResources UP-TO-DATE
> Task :app:generateDebugRFile UP-TO-DATE
> Task :app:javaPreCompileDebug UP-TO-DATE
> Task :app:checkDebugAarMetadata UP-TO-DATE
> Task :app:mapDebugSourceSetPaths UP-TO-DATE
> Task :app:compileDebugNavigationResources UP-TO-DATE
> Task :app:mergeDebugResources UP-TO-DATE
> Task :app:createDebugCompatibleScreenManifests UP-TO-DATE
> Task :app:extractDeepLinksDebug UP-TO-DATE
> Task :app:processDebugMainManifest UP-TO-DATE
> Task :app:processDebugManifest UP-TO-DATE
> Task :app:processDebugManifestForPackage UP-TO-DATE
> Task :app:processDebugResources UP-TO-DATE
> Task :app:preDebugUnitTestBuild UP-TO-DATE
> Task :app:javaPreCompileDebugUnitTest UP-TO-DATE

> Task :app:compileDebugKotlin
w: file:///C:/Users/USER/Desktop/omanii-task-002-repair/android/app/src/main/java/com/omanii/app/network/provider/AndroidNetworkReadSource.kt:211:77 'val mcc: Int' is deprecated. Deprecated in Java.
w: file:///C:/Users/USER/Desktop/omanii-task-002-repair/android/app/src/main/java/com/omanii/app/network/provider/AndroidNetworkReadSource.kt:211:104 'val mnc: Int' is deprecated. Deprecated in Java.
w: file:///C:/Users/USER/Desktop/omanii-task-002-repair/android/app/src/main/java/com/omanii/app/network/provider/AndroidNetworkReadSource.kt:212:42 'val mcc: Int' is deprecated. Deprecated in Java.
w: file:///C:/Users/USER/Desktop/omanii-task-002-repair/android/app/src/main/java/com/omanii/app/network/provider/AndroidNetworkReadSource.kt:212:52 'val mnc: Int' is deprecated. Deprecated in Java.

> Task :app:compileDebugJavaWithJavac NO-SOURCE
> Task :app:bundleDebugClassesToRuntimeJar
> Task :app:processDebugJavaRes
> Task :app:bundleDebugClassesToCompileJar

> Task :app:compileDebugUnitTestKotlin
w: file:///C:/Users/USER/Desktop/omanii-task-002-repair/android/app/src/test/java/com/omanii/app/network/NetworkFixturesReplayTest.kt:32:88 Unnecessary non-null assertion (!!) on a non-null receiver of type 'WifiConnectedMetrics'.
w: file:///C:/Users/USER/Desktop/omanii-task-002-repair/android/app/src/test/java/com/omanii/app/network/NetworkFixturesReplayTest.kt:42:48 Unnecessary non-null assertion (!!) on a non-null receiver of type 'NetworkContextLogger'.
w: file:///C:/Users/USER/Desktop/omanii-task-002-repair/android/app/src/test/java/com/omanii/app/network/NetworkFixturesReplayTest.kt:48:9 Only safe (?.) or non-null asserted (!!.) calls are allowed on a nullable receiver of type 'File?'.
w: file:///C:/Users/USER/Desktop/omanii-task-002-repair/android/app/src/test/java/com/omanii/app/network/RadioSemanticsTest.kt:72:85 Unnecessary non-null assertion (!!) on a non-null receiver of type 'List<CellularSignalMetrics>'.
w: file:///C:/Users/USER/Desktop/omanii-task-002-repair/android/app/src/test/java/com/omanii/app/network/RadioSemanticsTest.kt:74:44 Unnecessary non-null assertion (!!) on a non-null receiver of type 'List<CellularSignalMetrics>'.

> Task :app:compileDebugUnitTestJavaWithJavac NO-SOURCE
> Task :app:processDebugUnitTestJavaRes UP-TO-DATE

> Task :app:testDebugUnitTest

NetworkFixturesReplayTest > replaySyntheticCasesThroughProductionLoggerAndCompareGoldenExport FAILED
    java.io.FileNotFoundException at NetworkFixturesReplayTest.kt:50
        Caused by: java.nio.file.NoSuchFileException at NetworkFixturesReplayTest.kt:50

1 test completed, 1 failed

> Task :app:testDebugUnitTest FAILED

FAILURE: Build failed with an exception.

* What went wrong:
Execution failed for task ':app:testDebugUnitTest'.
> There were failing tests. See the report at: file:///C:/Users/USER/Desktop/omanii-task-002-repair/android/app/build/reports/tests/testDebugUnitTest/index.html

* Try:
> Run with --scan to get full insights from a Build Scan (powered by Develocity).

BUILD FAILED in 1m 2s
24 actionable tasks: 6 executed, 18 up-to-date
