To honour the JVM settings for this build a single-use Daemon process will be forked. For more on this, please refer to https://docs.gradle.org/9.6.1/userguide/gradle_daemon.html#sec:disabling_the_daemon in the Gradle documentation.
Daemon will be stopped at the end of the build 
> Task :app:preBuild UP-TO-DATE
> Task :app:preDebugBuild UP-TO-DATE
> Task :app:generateDebugResources UP-TO-DATE
> Task :app:packageDebugResources UP-TO-DATE
> Task :app:processDebugNavigationResources UP-TO-DATE
> Task :app:parseDebugLocalResources UP-TO-DATE
> Task :app:generateDebugRFile UP-TO-DATE
> Task :app:javaPreCompileDebug UP-TO-DATE
> Task :app:checkDebugAarMetadata UP-TO-DATE
> Task :app:mapDebugSourceSetPaths UP-TO-DATE
> Task :app:compileDebugNavigationResources UP-TO-DATE
> Task :app:mergeDebugResources UP-TO-DATE
> Task :app:createDebugCompatibleScreenManifests UP-TO-DATE
> Task :app:extractDeepLinksDebug UP-TO-DATE
> Task :app:processDebugMainManifest UP-TO-DATE
> Task :app:processDebugManifest UP-TO-DATE
> Task :app:processDebugManifestForPackage UP-TO-DATE
> Task :app:processDebugResources UP-TO-DATE
> Task :app:preDebugUnitTestBuild UP-TO-DATE
> Task :app:javaPreCompileDebugUnitTest UP-TO-DATE

> Task :app:compileDebugKotlin
w: file:///C:/Users/USER/Desktop/omanii-task-002-repair/android/app/src/main/java/com/omanii/app/network/provider/AndroidNetworkReadSource.kt:221:77 'val mcc: Int' is deprecated. Deprecated in Java.
w: file:///C:/Users/USER/Desktop/omanii-task-002-repair/android/app/src/main/java/com/omanii/app/network/provider/AndroidNetworkReadSource.kt:221:104 'val mnc: Int' is deprecated. Deprecated in Java.
w: file:///C:/Users/USER/Desktop/omanii-task-002-repair/android/app/src/main/java/com/omanii/app/network/provider/AndroidNetworkReadSource.kt:222:42 'val mcc: Int' is deprecated. Deprecated in Java.
w: file:///C:/Users/USER/Desktop/omanii-task-002-repair/android/app/src/main/java/com/omanii/app/network/provider/AndroidNetworkReadSource.kt:222:52 'val mnc: Int' is deprecated. Deprecated in Java.

> Task :app:compileDebugJavaWithJavac NO-SOURCE
> Task :app:processDebugJavaRes UP-TO-DATE
> Task :app:bundleDebugClassesToRuntimeJar
> Task :app:bundleDebugClassesToCompileJar

> Task :app:compileDebugUnitTestKotlin
w: file:///C:/Users/USER/Desktop/omanii-task-002-repair/android/app/src/test/java/com/omanii/app/network/NetworkFixturesReplayTest.kt:32:88 Unnecessary non-null assertion (!!) on a non-null receiver of type 'WifiConnectedMetrics'.
w: file:///C:/Users/USER/Desktop/omanii-task-002-repair/android/app/src/test/java/com/omanii/app/network/NetworkFixturesReplayTest.kt:44:48 Unnecessary non-null assertion (!!) on a non-null receiver of type 'NetworkContextLogger'.
w: file:///C:/Users/USER/Desktop/omanii-task-002-repair/android/app/src/test/java/com/omanii/app/network/NetworkFixturesReplayTest.kt:50:9 Only safe (?.) or non-null asserted (!!.) calls are allowed on a nullable receiver of type 'File?'.

> Task :app:compileDebugUnitTestJavaWithJavac NO-SOURCE
> Task :app:processDebugUnitTestJavaRes UP-TO-DATE

> Task :app:testDebugUnitTest

NetworkFixturesReplayTest > replaySyntheticCasesThroughProductionLoggerAndCompareGoldenExport FAILED
    org.junit.ComparisonFailure at NetworkFixturesReplayTest.kt:52

1 test completed, 1 failed

> Task :app:testDebugUnitTest FAILED

FAILURE: Build failed with an exception.

* What went wrong:
Execution failed for task ':app:testDebugUnitTest'.
> There were failing tests. See the report at: file:///C:/Users/USER/Desktop/omanii-task-002-repair/android/app/build/reports/tests/testDebugUnitTest/index.html

* Try:
> Run with --scan to get full insights from a Build Scan (powered by Develocity).

BUILD FAILED in 43s
24 actionable tasks: 5 executed, 19 up-to-date
