To honour the JVM settings for this build a single-use Daemon process will be forked. For more on this, please refer to https://docs.gradle.org/9.6.1/userguide/gradle_daemon.html#sec:disabling_the_daemon in the Gradle documentation.
Daemon will be stopped at the end of the build 
> Task :app:preBuild UP-TO-DATE
> Task :app:preDebugBuild UP-TO-DATE
> Task :app:mergeDebugNativeDebugMetadata NO-SOURCE
> Task :app:generateDebugResources UP-TO-DATE
> Task :app:packageDebugResources UP-TO-DATE
> Task :app:processDebugNavigationResources UP-TO-DATE
> Task :app:parseDebugLocalResources UP-TO-DATE
> Task :app:generateDebugRFile UP-TO-DATE
> Task :app:javaPreCompileDebug UP-TO-DATE
> Task :app:generateDebugAssets UP-TO-DATE
> Task :app:mergeDebugAssets
> Task :app:compressDebugAssets

> Task :app:compileDebugKotlin
w: file:///C:/Users/USER/Desktop/omanii-task-002-repair/android/app/src/main/java/com/omanii/app/network/provider/AndroidNetworkReadSource.kt:220:77 'val mcc: Int' is deprecated. Deprecated in Java.
w: file:///C:/Users/USER/Desktop/omanii-task-002-repair/android/app/src/main/java/com/omanii/app/network/provider/AndroidNetworkReadSource.kt:220:104 'val mnc: Int' is deprecated. Deprecated in Java.
w: file:///C:/Users/USER/Desktop/omanii-task-002-repair/android/app/src/main/java/com/omanii/app/network/provider/AndroidNetworkReadSource.kt:221:42 'val mcc: Int' is deprecated. Deprecated in Java.
w: file:///C:/Users/USER/Desktop/omanii-task-002-repair/android/app/src/main/java/com/omanii/app/network/provider/AndroidNetworkReadSource.kt:221:52 'val mnc: Int' is deprecated. Deprecated in Java.

> Task :app:generateDebugGlobalSynthetics
> Task :app:compileDebugJavaWithJavac NO-SOURCE
> Task :app:processDebugJavaRes UP-TO-DATE
> Task :app:desugarDebugFileDependencies
> Task :app:checkDebugAarMetadata UP-TO-DATE
> Task :app:mapDebugSourceSetPaths UP-TO-DATE
> Task :app:compileDebugNavigationResources UP-TO-DATE
> Task :app:checkDebugDuplicateClasses
> Task :app:mergeDebugResources UP-TO-DATE
> Task :app:createDebugCompatibleScreenManifests UP-TO-DATE
> Task :app:extractDeepLinksDebug UP-TO-DATE
> Task :app:mergeLibDexDebug
> Task :app:processDebugMainManifest UP-TO-DATE
> Task :app:processDebugManifest UP-TO-DATE
> Task :app:processDebugManifestForPackage UP-TO-DATE
> Task :app:processDebugResources UP-TO-DATE
> Task :app:mergeDebugJavaResource
> Task :app:dexBuilderDebug
> Task :app:mergeDebugJniLibFolders
> Task :app:mergeProjectDexDebug
> Task :app:mergeDebugNativeLibs
> Task :app:validateSigningDebug
> Task :app:writeDebugAppMetadata

> Task :app:stripDebugDebugSymbols
Unable to strip the following libraries, packaging them as they are: libandroidx.graphics.path.so, libarcore_sdk_c.so, libarcore_sdk_jni.so. Run with --info option to learn more.

> Task :app:writeDebugSigningConfigVersions
> Task :app:preDebugUnitTestBuild UP-TO-DATE
> Task :app:javaPreCompileDebugUnitTest UP-TO-DATE
> Task :app:preDebugAndroidTestBuild SKIPPED
> Task :app:extractProguardFiles
> Task :app:bundleDebugClassesToCompileJar
> Task :app:bundleDebugClassesToRuntimeJar
> Task :app:generateDebugLintReportModel
> Task :app:generateDebugAndroidTestLintModel
> Task :app:generateDebugUnitTestLintModel

> Task :app:compileDebugUnitTestKotlin
w: file:///C:/Users/USER/Desktop/omanii-task-002-repair/android/app/src/test/java/com/omanii/app/network/RadioSemanticsTest.kt:79:85 Unnecessary non-null assertion (!!) on a non-null receiver of type 'List<CellularSignalMetrics>'.
w: file:///C:/Users/USER/Desktop/omanii-task-002-repair/android/app/src/test/java/com/omanii/app/network/RadioSemanticsTest.kt:81:44 Unnecessary non-null assertion (!!) on a non-null receiver of type 'List<CellularSignalMetrics>'.

> Task :app:compileDebugUnitTestJavaWithJavac NO-SOURCE
> Task :app:processDebugUnitTestJavaRes UP-TO-DATE
> Task :app:mergeExtDexDebug
> Task :app:testDebugUnitTest
> Task :app:packageDebug
> Task :app:createDebugApkListingFileRedirect
> Task :app:assembleDebug
> Task :app:lintAnalyzeDebugAndroidTest
> Task :app:lintAnalyzeDebug
> Task :app:lintAnalyzeDebugUnitTest

> Task :app:lintReportDebug
Wrote HTML report to file:///C:/Users/USER/Desktop/omanii-task-002-repair/android/app/build/reports/lint-results-debug.html
Wrote SARIF report to file:///C:/Users/USER/Desktop/omanii-task-002-repair/android/app/build/reports/lint-results-debug.sarif

> Task :app:lintDebug

BUILD SUCCESSFUL in 2m 2s
51 actionable tasks: 32 executed, 19 up-to-date
Consider enabling configuration cache to speed up this build: https://docs.gradle.org/9.6.1/userguide/configuration_cache_enabling.html
